

Wed Feb 13 00:39:34 2019
Command line: TestDisk

TestDisk 7.0, Data Recovery Utility, April 2015
Christophe GRENIER <grenier@cgsecurity.org>
http://www.cgsecurity.org
OS: Linux, kernel 4.20.7-arch1-1-ARCH (#1 SMP PREEMPT Wed Feb 6 18:42:40 UTC 2019) x86_64
Compiler: GCC 8.2
Compilation date: 2018-10-03T23:07:17
ext2fs lib: 1.44.5, ntfs lib: libntfs-3g, reiserfs lib: 0.3.0.5, ewf lib: none, curses lib: ncurses 6.1
Corrupted file $UpCase
/dev/sda: LBA, LBA48 support
/dev/sda: size       1025610768 sectors
/dev/sda: user_max   1025610768 sectors
/dev/sdb: LBA, HPA, LBA48, DCO support
/dev/sdb: size       1953525168 sectors
/dev/sdb: user_max   1953525168 sectors
/dev/sdb: native_max 1953525168 sectors
Warning: can't get size for Disk /dev/mapper/control - 0 B - 0 sectors, sector size=512
Hard disk list
Disk /dev/sda - 525 GB / 489 GiB - CHS 63841 255 63, sector size=512 - Crucial_CT525MX300SSD4, S/N:173818D05E7E, FW:M0CR060
Disk /dev/sdb - 1000 GB / 931 GiB - CHS 121601 255 63, sector size=512 - ST1000LM024 HN-M101MBB, S/N:S2TTJ9CC739633, FW:2AR10001

Partition table type (auto): Intel
Disk /dev/sdb - 1000 GB / 931 GiB - ST1000LM024 HN-M101MBB
Partition table type: Intel

Interface Advanced
Geometry from i386 MBR: head=255 sector=63
NTFS at 0/32/33
 1 P HPFS - NTFS              0  32 33 121601  25 24 1953519616
     NTFS, blocksize=4096, 1000 GB / 931 GiB
ntfs_device_testdisk_io_ioctl() unimplemented
ntfs_device_testdisk_io_ioctl() unimplemented
NTFS filesystem need to be repaired.


dir_partition inode=5
 1 P HPFS - NTFS              0  32 33 121601  25 24 1953519616
     NTFS, blocksize=4096, 1000 GB / 931 GiB
Directory /
       5 dr-xr-xr-x     0      0         0  7-Feb-2019 15:31 .
       5 dr-xr-xr-x     0      0         0  7-Feb-2019 15:31 ..
      33 dr-xr-xr-x     0      0         0 18-Nov-2018 10:25 $RECYCLE.BIN
     840 dr-xr-xr-x     0      0         0 26-Dec-2018 16:27 .Trash-1001
  125362 dr-xr-xr-x     0      0         0 26-Nov-2018 20:07 Clouds
      55 dr-xr-xr-x     0      0         0  9-Feb-2019 21:09 Downloads
  228488 dr-xr-xr-x     0      0         0 28-Oct-2018 05:37 Google Photos
      85 dr-xr-xr-x     0      0         0 14-Nov-2018 16:22 MOVIES
    2352 dr-xr-xr-x     0      0         0 10-Oct-2018 23:33 New Folder
  106758 dr-xr-xr-x     0      0         0 12-Oct-2018 03:11 Recovery
      92 dr-xr-xr-x     0      0         0 16-Oct-2018 23:37 SOFT
      35 dr-xr-xr-x     0      0         0 30-Jan-2019 15:09 System Volume Information
     120 dr-xr-xr-x     0      0         0 11-Aug-2018 15:08 TV_Shows
      20 dr-xr-xr-x     0      0         0 16-Aug-2018 20:42 found.000
     598 dr-xr-xr-x     0      0         0 18-Nov-2018 14:10 found.001
Incomplete image created.

ntfs_boot_sector
 1 P HPFS - NTFS              0  32 33 121601  25 24 1953519616
     NTFS, blocksize=4096, 1000 GB / 931 GiB
NTFS at 0/32/33
NTFS at 0/32/33
filesystem size           1953519616
sectors_per_cluster       8
mft_lcn                   786432
mftmirr_lcn               2
clusters_per_mft_record   -10
clusters_per_index_record 1
Boot sector
Status: OK

Backup boot sector
Status: OK

Sectors are identical.

A valid NTFS Boot sector must be present in order to access
any data; even if the partition is not bootable.
rebuild_NTFS_BS
mft at 16
ntfs_find_mft: mft_lcn             786432
ntfs_find_mft: mftmirr_lcn         2
ntfs_find_mft: sectors_per_cluster 8
ntfs_find_mft: mft_lcn             786432
ntfs_find_mft: mftmirr_lcn         2
ntfs_find_mft: mft_record_size     1024
ntfs_find_mft: index_block_size    4096
Extrapolated boot sector and current boot sector are identical.
filesystem size           1953519616
sectors_per_cluster       8
mft_lcn                   786432
mftmirr_lcn               2
clusters_per_mft_record   -10
clusters_per_index_record 1
     Rebuild Boot sector           Boot sector
0000 0000004e 54465320   ...NTFS   0000004e 54465320   ...NTFS 
0008 20202000 02080000      .....  20202000 02080000      .....
0010 00000000 00f80000   ........  00000000 00f80000   ........
0018 3f00ff00 00080000   ?.......  3f00ff00 00080000   ?.......
0020 00000000 00000000   ........  00000000 00000000   ........
0028 ff577074 00000000   .Wpt....  ff577074 00000000   .Wpt....
0030 00000c00 00000000   ........  00000c00 00000000   ........
0038 02000000 00000000   ........  02000000 00000000   ........
0040 f6000000 01000000   ........  f6000000 01000000   ........
0048 00000000 00000000   ........  00000000 00000000   ........
0050 00000000 00000000   ........  00000000 00000000   ........
0058 00000000 00000000   ........  00000000 00000000   ........
0060 00000000 00000000   ........  00000000 00000000   ........
0068 00000000 00000000   ........  00000000 00000000   ........
0070 00000000 00000000   ........  00000000 00000000   ........
0078 00000000 00000000   ........  00000000 00000000   ........
0080 00000000 00000000   ........  00000000 00000000   ........
0088 00000000 00000000   ........  00000000 00000000   ........
0090 00000000 00000000   ........  00000000 00000000   ........
0098 00000000 00000000   ........  00000000 00000000   ........
00A0 00000000 00000000   ........  00000000 00000000   ........
00A8 00000000 00000000   ........  00000000 00000000   ........
00B0 00000000 00000000   ........  00000000 00000000   ........
00B8 00000000 00000000   ........  00000000 00000000   ........
00C0 00000000 00000000   ........  00000000 00000000   ........
00C8 00000000 00000000   ........  00000000 00000000   ........
00D0 00000000 00000000   ........  00000000 00000000   ........
00D8 00000000 00000000   ........  00000000 00000000   ........
00E0 00000000 00000000   ........  00000000 00000000   ........
00E8 00000000 00000000   ........  00000000 00000000   ........
00F0 00000000 00000000   ........  00000000 00000000   ........
00F8 00000000 00000000   ........  00000000 00000000   ........
0100 00000000 00000000   ........  00000000 00000000   ........
0108 00000000 00000000   ........  00000000 00000000   ........
0110 00000000 00000000   ........  00000000 00000000   ........
0118 00000000 00000000   ........  00000000 00000000   ........
0120 00000000 00000000   ........  00000000 00000000   ........
0128 00000000 00000000   ........  00000000 00000000   ........
0130 00000000 00000000   ........  00000000 00000000   ........
0138 00000000 00000000   ........  00000000 00000000   ........
0140 00000000 00000000   ........  00000000 00000000   ........
0148 00000000 00000000   ........  00000000 00000000   ........
0150 00000000 00000000   ........  00000000 00000000   ........
0158 00000000 00000000   ........  00000000 00000000   ........
0160 00000000 00000000   ........  00000000 00000000   ........
0168 00000000 00000000   ........  00000000 00000000   ........
0170 00000000 00000000   ........  00000000 00000000   ........
0178 00000000 00000000   ........  00000000 00000000   ........
0180 00000000 00000000   ........  00000000 00000000   ........
0188 00000000 00000000   ........  00000000 00000000   ........
0190 00000000 00000000   ........  00000000 00000000   ........
0198 00000000 00000000   ........  00000000 00000000   ........
01A0 00000000 00000000   ........  00000000 00000000   ........
01A8 00000000 00000000   ........  00000000 00000000   ........
01B0 00000000 00000000   ........  00000000 00000000   ........
01B8 00000000 00000000   ........  00000000 00000000   ........
01C0 00000000 00000000   ........  00000000 00000000   ........
01C8 00000000 00000000   ........  00000000 00000000   ........
01D0 00000000 00000000   ........  00000000 00000000   ........
01D8 00000000 00000000   ........  00000000 00000000   ........
01E0 00000000 00000000   ........  00000000 00000000   ........
01E8 00000000 00000000   ........  00000000 00000000   ........
01F0 00000000 00000000   ........  00000000 00000000   ........
01F8 00000000 000055aa   ......U.  00000000 000055aa   ......U.
filesystem size           1953519616
sectors_per_cluster       8
mft_lcn                   786432
mftmirr_lcn               2
clusters_per_mft_record   -10
clusters_per_index_record 1

ntfs_boot_sector
 1 P HPFS - NTFS              0  32 33 121601  25 24 1953519616
     NTFS, blocksize=4096, 1000 GB / 931 GiB
NTFS at 0/32/33
NTFS at 0/32/33
filesystem size           1953519616
sectors_per_cluster       8
mft_lcn                   786432
mftmirr_lcn               2
clusters_per_mft_record   -10
clusters_per_index_record 1
Boot sector
Status: OK

Backup boot sector
Status: OK

Sectors are identical.

A valid NTFS Boot sector must be present in order to access
any data; even if the partition is not bootable.
repair_MFT
NTFS at 0/32/33
MFT and MFT mirror matches perfectly.
MFT and MFT mirror matches perfectly.

ntfs_boot_sector
 1 P HPFS - NTFS              0  32 33 121601  25 24 1953519616
     NTFS, blocksize=4096, 1000 GB / 931 GiB
NTFS at 0/32/33
NTFS at 0/32/33
filesystem size           1953519616
sectors_per_cluster       8
mft_lcn                   786432
mftmirr_lcn               2
clusters_per_mft_record   -10
clusters_per_index_record 1
Boot sector
Status: OK

Backup boot sector
Status: OK

Sectors are identical.

A valid NTFS Boot sector must be present in order to access
any data; even if the partition is not bootable.
Change partition type:
 1 P HPFS - NTFS              0  32 33 121601  25 24 1953519616
     NTFS, blocksize=4096, 1000 GB / 931 GiB

Interface Advanced
Geometry from i386 MBR: head=255 sector=63
NTFS at 0/32/33
 1 * HPFS - NTFS              0  32 33 121601  25 24 1953519616
     NTFS, blocksize=4096, 1000 GB / 931 GiB

ntfs_boot_sector
 1 * HPFS - NTFS              0  32 33 121601  25 24 1953519616
     NTFS, blocksize=4096, 1000 GB / 931 GiB
NTFS at 0/32/33
NTFS at 0/32/33
filesystem size           1953519616
sectors_per_cluster       8
mft_lcn                   786432
mftmirr_lcn               2
clusters_per_mft_record   -10
clusters_per_index_record 1
Boot sector
Status: OK

Backup boot sector
Status: OK

Sectors are identical.

A valid NTFS Boot sector must be present in order to access
any data; even if the partition is not bootable.
Corrupted file $UpCase
ntfs_device_testdisk_io_ioctl() unimplemented
ntfs_device_testdisk_io_ioctl() unimplemented
NTFS filesystem need to be repaired.

Directory /
       5 dr-xr-xr-x     0      0         0  7-Feb-2019 15:31 .
       5 dr-xr-xr-x     0      0         0  7-Feb-2019 15:31 ..
      33 dr-xr-xr-x     0      0         0 18-Nov-2018 10:25 $RECYCLE.BIN
     840 dr-xr-xr-x     0      0         0 26-Dec-2018 16:27 .Trash-1001
  125362 dr-xr-xr-x     0      0         0 26-Nov-2018 20:07 Clouds
      55 dr-xr-xr-x     0      0         0  9-Feb-2019 21:09 Downloads
  228488 dr-xr-xr-x     0      0         0 28-Oct-2018 05:37 Google Photos
      85 dr-xr-xr-x     0      0         0 14-Nov-2018 16:22 MOVIES
    2352 dr-xr-xr-x     0      0         0 10-Oct-2018 23:33 New Folder
  106758 dr-xr-xr-x     0      0         0 12-Oct-2018 03:11 Recovery
      92 dr-xr-xr-x     0      0         0 16-Oct-2018 23:37 SOFT
      35 dr-xr-xr-x     0      0         0 30-Jan-2019 15:09 System Volume Information
     120 dr-xr-xr-x     0      0         0 11-Aug-2018 15:08 TV_Shows
      20 dr-xr-xr-x     0      0         0 16-Aug-2018 20:42 found.000
     598 dr-xr-xr-x     0      0         0 18-Nov-2018 14:10 found.001
SIGHUP detected! TestDisk has been killed.
